---
source: crates/compiler/tests/scanner_test/mod.rs
assertion_line: 44
expression: "<a ==123 />"
---
- StartTag:
    name: a
    attributes:
      - name: "="
        value:
          content: "123"
          location:
            start: "Pos: 5, Ln: 1, Col: 6"
            end: "Pos: 8, Ln: 1, Col: 9"
        name_loc:
          start: "Pos: 3, Ln: 1, Col: 4"
          end: "Pos: 4, Ln: 1, Col: 5"
        location:
          start: "Pos: 3, Ln: 1, Col: 4"
          end: "Pos: 8, Ln: 1, Col: 9"
    self_closing: true

